// Jest Snapshot v1, https://goo.gl/fbAQLP

exports[`ErrorBoundary ErrorBoundary должен отрисовать заглушку 1`] = `
<div>
  <div
    style="padding: 50px; max-width: 30%; margin: 0px auto; text-align: center;"
  >
    <img
      src="/cdn/Maintenance/1.1.0/img/NOT_FOUND_default.svg"
      style="max-width: 100%; max-height: 200px; margin-bottom: 20px;"
    />
    <div>
      Что-то пошло не так
    </div>
  </div>
</div>
`;
